// Jest Snapshot v1, https://goo.gl/fbAQLP

exports[`lib getGlobalSpotPrices run with default options should return expected values 1`] = `
Array [
  Object {
    "AvailabilityZone": "us-west-2a",
    "InstanceType": "t3a.nano",
    "ProductDescription": "Linux/UNIX",
    "SpotPrice": "0.001500",
    "Timestamp": 2019-10-15T22:41:58.000Z,
  },
  Object {
    "AvailabilityZone": "us-west-2c",
    "InstanceType": "t3a.nano",
    "ProductDescription": "Linux/UNIX",
    "SpotPrice": "0.001500",
    "Timestamp": 2019-10-15T07:13:00.000Z,
  },
  Object {
    "AvailabilityZone": "us-west-2d",
    "InstanceType": "t3a.nano",
    "ProductDescription": "Linux/UNIX",
    "SpotPrice": "0.001500",
    "Timestamp": 2019-10-15T23:09:28.000Z,
  },
  Object {
    "AvailabilityZone": "eu-north-1a",
    "InstanceType": "t3.nano",
    "ProductDescription": "Linux/UNIX",
    "SpotPrice": "0.001600",
    "Timestamp": 2019-10-15T12:45:20.000Z,
  },
  Object {
    "AvailabilityZone": "eu-north-1b",
    "InstanceType": "t3.nano",
    "ProductDescription": "Linux/UNIX",
    "SpotPrice": "0.001600",
    "Timestamp": 2019-10-15T12:45:20.000Z,
  },
  Object {
    "AvailabilityZone": "eu-north-1c",
    "InstanceType": "t3.nano",
    "ProductDescription": "Linux/UNIX",
    "SpotPrice": "0.001600",
    "Timestamp": 2019-10-15T12:45:20.000Z,
  },
  Object {
    "AvailabilityZone": "us-east-1a",
    "InstanceType": "t3.nano",
    "ProductDescription": "Linux/UNIX (Amazon VPC)",
    "SpotPrice": "0.001600",
    "Timestamp": 2019-10-15T17:09:43.000Z,
  },
  Object {
    "AvailabilityZone": "us-east-1b",
    "InstanceType": "t3.nano",
    "ProductDescription": "Linux/UNIX (Amazon VPC)",
    "SpotPrice": "0.001600",
    "Timestamp": 2019-10-15T17:09:43.000Z,
  },
  Object {
    "AvailabilityZone": "us-east-1c",
    "InstanceType": "t3.nano",
    "ProductDescription": "Linux/UNIX (Amazon VPC)",
    "SpotPrice": "0.001600",
    "Timestamp": 2019-10-15T17:09:43.000Z,
  },
  Object {
    "AvailabilityZone": "us-east-1d",
    "InstanceType": "t3.nano",
    "ProductDescription": "Linux/UNIX (Amazon VPC)",
    "SpotPrice": "0.001600",
    "Timestamp": 2019-10-15T17:09:43.000Z,
  },
  Object {
    "AvailabilityZone": "us-east-1f",
    "InstanceType": "t3.nano",
    "ProductDescription": "Linux/UNIX (Amazon VPC)",
    "SpotPrice": "0.001600",
    "Timestamp": 2019-10-15T17:09:43.000Z,
  },
  Object {
    "AvailabilityZone": "us-east-2a",
    "InstanceType": "t3.nano",
    "ProductDescription": "Linux/UNIX",
    "SpotPrice": "0.001600",
    "Timestamp": 2019-10-15T12:01:55.000Z,
  },
  Object {
    "AvailabilityZone": "us-east-2b",
    "InstanceType": "t3.nano",
    "ProductDescription": "Linux/UNIX",
    "SpotPrice": "0.001600",
    "Timestamp": 2019-10-15T12:01:55.000Z,
  },
  Object {
    "AvailabilityZone": "us-east-2c",
    "InstanceType": "t3.nano",
    "ProductDescription": "Linux/UNIX",
    "SpotPrice": "0.001600",
    "Timestamp": 2019-10-15T12:01:55.000Z,
  },
  Object {
    "AvailabilityZone": "us-west-2a",
    "InstanceType": "t3.nano",
    "ProductDescription": "Linux/UNIX",
    "SpotPrice": "0.001600",
    "Timestamp": 2019-10-15T17:08:19.000Z,
  },
  Object {
    "AvailabilityZone": "us-west-2b",
    "InstanceType": "t3.nano",
    "ProductDescription": "Linux/UNIX",
    "SpotPrice": "0.001600",
    "Timestamp": 2019-10-15T17:08:19.000Z,
  },
  Object {
    "AvailabilityZone": "us-west-2c",
    "InstanceType": "t3.nano",
    "ProductDescription": "Linux/UNIX",
    "SpotPrice": "0.001600",
    "Timestamp": 2019-10-15T17:08:19.000Z,
  },
  Object {
    "AvailabilityZone": "us-west-2d",
    "InstanceType": "t3.nano",
    "ProductDescription": "Linux/UNIX",
    "SpotPrice": "0.001600",
    "Timestamp": 2019-10-15T17:08:19.000Z,
  },
  Object {
    "AvailabilityZone": "ca-central-1a",
    "InstanceType": "t3a.nano",
    "ProductDescription": "Linux/UNIX",
    "SpotPrice": "0.001600",
    "Timestamp": 2019-10-15T15:04:27.000Z,
  },
  Object {
    "AvailabilityZone": "ca-central-1b",
    "InstanceType": "t3a.nano",
    "ProductDescription": "Linux/UNIX",
    "SpotPrice": "0.001600",
    "Timestamp": 2019-10-15T15:04:27.000Z,
  },
]
`;

exports[`lib getGlobalSpotPrices run with specific options should return expected values 1`] = `
Array [
  Object {
    "AvailabilityZone": "us-east-2c",
    "InstanceType": "c4.large",
    "ProductDescription": "Linux/UNIX",
    "SpotPrice": "0.018100",
    "Timestamp": 2019-10-15T03:02:47.000Z,
  },
  Object {
    "AvailabilityZone": "us-east-2a",
    "InstanceType": "c5.large",
    "ProductDescription": "Linux/UNIX",
    "SpotPrice": "0.019000",
    "Timestamp": 2019-10-15T17:44:40.000Z,
  },
  Object {
    "AvailabilityZone": "us-east-2b",
    "InstanceType": "c5.large",
    "ProductDescription": "Linux/UNIX",
    "SpotPrice": "0.019000",
    "Timestamp": 2019-10-15T07:10:03.000Z,
  },
  Object {
    "AvailabilityZone": "us-east-2c",
    "InstanceType": "c5.large",
    "ProductDescription": "Linux/UNIX",
    "SpotPrice": "0.019000",
    "Timestamp": 2019-10-15T16:26:11.000Z,
  },
  Object {
    "AvailabilityZone": "us-east-2b",
    "InstanceType": "c4.large",
    "ProductDescription": "Linux/UNIX",
    "SpotPrice": "0.019500",
    "Timestamp": 2019-10-15T21:14:06.000Z,
  },
  Object {
    "AvailabilityZone": "eu-north-1a",
    "InstanceType": "c5.large",
    "ProductDescription": "Linux/UNIX",
    "SpotPrice": "0.027300",
    "Timestamp": 2019-10-16T01:48:27.000Z,
  },
  Object {
    "AvailabilityZone": "eu-north-1b",
    "InstanceType": "c5.large",
    "ProductDescription": "Linux/UNIX",
    "SpotPrice": "0.027300",
    "Timestamp": 2019-10-16T01:48:27.000Z,
  },
  Object {
    "AvailabilityZone": "eu-north-1c",
    "InstanceType": "c5.large",
    "ProductDescription": "Linux/UNIX",
    "SpotPrice": "0.027300",
    "Timestamp": 2019-10-16T01:48:27.000Z,
  },
  Object {
    "AvailabilityZone": "ca-central-1a",
    "InstanceType": "c4.large",
    "ProductDescription": "Linux/UNIX",
    "SpotPrice": "0.027500",
    "Timestamp": 2019-10-15T11:04:56.000Z,
  },
  Object {
    "AvailabilityZone": "ca-central-1b",
    "InstanceType": "c4.large",
    "ProductDescription": "Linux/UNIX",
    "SpotPrice": "0.027500",
    "Timestamp": 2019-10-15T11:04:56.000Z,
  },
  Object {
    "AvailabilityZone": "ap-south-1a",
    "InstanceType": "c4.large",
    "ProductDescription": "Linux/UNIX",
    "SpotPrice": "0.028300",
    "Timestamp": 2019-10-15T17:06:07.000Z,
  },
  Object {
    "AvailabilityZone": "ap-northeast-2a",
    "InstanceType": "c4.large",
    "ProductDescription": "Linux/UNIX",
    "SpotPrice": "0.028500",
    "Timestamp": 2019-10-15T06:39:13.000Z,
  },
  Object {
    "AvailabilityZone": "ap-northeast-2c",
    "InstanceType": "c4.large",
    "ProductDescription": "Linux/UNIX",
    "SpotPrice": "0.028500",
    "Timestamp": 2019-10-15T06:39:13.000Z,
  },
  Object {
    "AvailabilityZone": "ca-central-1a",
    "InstanceType": "c5.large",
    "ProductDescription": "Linux/UNIX",
    "SpotPrice": "0.028900",
    "Timestamp": 2019-10-15T10:39:07.000Z,
  },
  Object {
    "AvailabilityZone": "us-west-1b",
    "InstanceType": "c4.large",
    "ProductDescription": "Linux/UNIX",
    "SpotPrice": "0.029300",
    "Timestamp": 2019-10-15T22:49:23.000Z,
  },
  Object {
    "AvailabilityZone": "us-west-1c",
    "InstanceType": "c4.large",
    "ProductDescription": "Linux/UNIX",
    "SpotPrice": "0.029300",
    "Timestamp": 2019-10-15T22:49:23.000Z,
  },
  Object {
    "AvailabilityZone": "ca-central-1b",
    "InstanceType": "c5.large",
    "ProductDescription": "Linux/UNIX",
    "SpotPrice": "0.029300",
    "Timestamp": 2019-10-15T08:56:52.000Z,
  },
  Object {
    "AvailabilityZone": "eu-west-2a",
    "InstanceType": "c4.large",
    "ProductDescription": "Linux/UNIX",
    "SpotPrice": "0.029900",
    "Timestamp": 2019-10-15T05:36:56.000Z,
  },
  Object {
    "AvailabilityZone": "eu-west-2b",
    "InstanceType": "c4.large",
    "ProductDescription": "Linux/UNIX",
    "SpotPrice": "0.029900",
    "Timestamp": 2019-10-15T05:36:56.000Z,
  },
  Object {
    "AvailabilityZone": "eu-west-2c",
    "InstanceType": "c4.large",
    "ProductDescription": "Linux/UNIX",
    "SpotPrice": "0.030000",
    "Timestamp": 2019-10-16T00:45:54.000Z,
  },
]
`;
