// Jest Snapshot v1, https://goo.gl/fbAQLP

exports[`lib getGlobalSpotPrices run with default options should return expected values 1`] = `
Array [
  Object {
    "AvailabilityZone": "us-west-2a",
    "InstanceType": "t3a.nano",
    "ProductDescription": "Linux/UNIX",
    "SpotPrice": "0.001500",
    "Timestamp": 2019-10-15T22:41:58.000Z,
  },
  Object {
    "AvailabilityZone": "us-west-2c",
    "InstanceType": "t3a.nano",
    "ProductDescription": "Linux/UNIX",
    "SpotPrice": "0.001500",
    "Timestamp": 2019-10-15T07:13:00.000Z,
  },
  Object {
    "AvailabilityZone": "us-west-2d",
    "InstanceType": "t3a.nano",
    "ProductDescription": "Linux/UNIX",
    "SpotPrice": "0.001500",
    "Timestamp": 2019-10-15T23:09:28.000Z,
  },
  Object {
    "AvailabilityZone": "eu-north-1a",
    "InstanceType": "t3.nano",
    "ProductDescription": "Linux/UNIX",
    "SpotPrice": "0.001600",
    "Timestamp": 2019-10-15T12:45:20.000Z,
  },
  Object {
    "AvailabilityZone": "eu-north-1b",
    "InstanceType": "t3.nano",
    "ProductDescription": "Linux/UNIX",
    "SpotPrice": "0.001600",
    "Timestamp": 2019-10-15T12:45:20.000Z,
  },
  Object {
    "AvailabilityZone": "eu-north-1c",
    "InstanceType": "t3.nano",
    "ProductDescription": "Linux/UNIX",
    "SpotPrice": "0.001600",
    "Timestamp": 2019-10-15T12:45:20.000Z,
  },
  Object {
    "AvailabilityZone": "us-east-1a",
    "InstanceType": "t3.nano",
    "ProductDescription": "Linux/UNIX (Amazon VPC)",
    "SpotPrice": "0.001600",
    "Timestamp": 2019-10-15T17:09:43.000Z,
  },
  Object {
    "AvailabilityZone": "us-east-1b",
    "InstanceType": "t3.nano",
    "ProductDescription": "Linux/UNIX (Amazon VPC)",
    "SpotPrice": "0.001600",
    "Timestamp": 2019-10-15T17:09:43.000Z,
  },
  Object {
    "AvailabilityZone": "us-east-1c",
    "InstanceType": "t3.nano",
    "ProductDescription": "Linux/UNIX (Amazon VPC)",
    "SpotPrice": "0.001600",
    "Timestamp": 2019-10-15T17:09:43.000Z,
  },
  Object {
    "AvailabilityZone": "us-east-1d",
    "InstanceType": "t3.nano",
    "ProductDescription": "Linux/UNIX (Amazon VPC)",
    "SpotPrice": "0.001600",
    "Timestamp": 2019-10-15T17:09:43.000Z,
  },
  Object {
    "AvailabilityZone": "us-east-1f",
    "InstanceType": "t3.nano",
    "ProductDescription": "Linux/UNIX (Amazon VPC)",
    "SpotPrice": "0.001600",
    "Timestamp": 2019-10-15T17:09:43.000Z,
  },
  Object {
    "AvailabilityZone": "us-east-2a",
    "InstanceType": "t3.nano",
    "ProductDescription": "Linux/UNIX",
    "SpotPrice": "0.001600",
    "Timestamp": 2019-10-15T12:01:55.000Z,
  },
  Object {
    "AvailabilityZone": "us-east-2b",
    "InstanceType": "t3.nano",
    "ProductDescription": "Linux/UNIX",
    "SpotPrice": "0.001600",
    "Timestamp": 2019-10-15T12:01:55.000Z,
  },
  Object {
    "AvailabilityZone": "us-east-2c",
    "InstanceType": "t3.nano",
    "ProductDescription": "Linux/UNIX",
    "SpotPrice": "0.001600",
    "Timestamp": 2019-10-15T12:01:55.000Z,
  },
  Object {
    "AvailabilityZone": "us-west-2a",
    "InstanceType": "t3.nano",
    "ProductDescription": "Linux/UNIX",
    "SpotPrice": "0.001600",
    "Timestamp": 2019-10-15T17:08:19.000Z,
  },
  Object {
    "AvailabilityZone": "us-west-2b",
    "InstanceType": "t3.nano",
    "ProductDescription": "Linux/UNIX",
    "SpotPrice": "0.001600",
    "Timestamp": 2019-10-15T17:08:19.000Z,
  },
  Object {
    "AvailabilityZone": "us-west-2c",
    "InstanceType": "t3.nano",
    "ProductDescription": "Linux/UNIX",
    "SpotPrice": "0.001600",
    "Timestamp": 2019-10-15T17:08:19.000Z,
  },
  Object {
    "AvailabilityZone": "us-west-2d",
    "InstanceType": "t3.nano",
    "ProductDescription": "Linux/UNIX",
    "SpotPrice": "0.001600",
    "Timestamp": 2019-10-15T17:08:19.000Z,
  },
  Object {
    "AvailabilityZone": "ca-central-1a",
    "InstanceType": "t3a.nano",
    "ProductDescription": "Linux/UNIX",
    "SpotPrice": "0.001600",
    "Timestamp": 2019-10-15T15:04:27.000Z,
  },
  Object {
    "AvailabilityZone": "ca-central-1b",
    "InstanceType": "t3a.nano",
    "ProductDescription": "Linux/UNIX",
    "SpotPrice": "0.001600",
    "Timestamp": 2019-10-15T15:04:27.000Z,
  },
]
`;
